AR raster_iterator behavioral F:/ENEL462-Rasterizer/ence462_rasterizer/raster_iterator.vhd sub00/vhpl05 1413289591
EN raster_hit_tester NULL F:/ENEL462-Rasterizer/ence462_rasterizer/raster_hit_tester.vhd sub00/vhpl02 1413289588
AR raster_hit_tester behavioral F:/ENEL462-Rasterizer/ence462_rasterizer/raster_hit_tester.vhd sub00/vhpl03 1413289589
EN raster_iterator NULL F:/ENEL462-Rasterizer/ence462_rasterizer/raster_iterator.vhd sub00/vhpl04 1413289590
EN rasterizer NULL F:/ENEL462-Rasterizer/ence462_rasterizer/rasterizer.vhd sub00/vhpl06 1413289592
AR line_sign_checker behavioural F:/ENEL462-Rasterizer/ence462_rasterizer/raster_hit_tester.vhd sub00/vhpl01 1413289587
EN line_sign_checker NULL F:/ENEL462-Rasterizer/ence462_rasterizer/raster_hit_tester.vhd sub00/vhpl00 1413289586
AR rasterizer behavioral F:/ENEL462-Rasterizer/ence462_rasterizer/rasterizer.vhd sub00/vhpl07 1413289593
