V3 15
FL F:/ENEL462-Rasterizer/ence462_rasterizer/rasterizer.vhd 2014/10/15.01:26:22 P.20131013
EN work/rasterizer 1413289592 \
      FL F:/ENEL462-Rasterizer/ence462_rasterizer/rasterizer.vhd \
      PB ieee/std_logic_1164 1381692176 PB ieee/NUMERIC_STD 1381692181
AR work/rasterizer/Behavioral 1413289593 \
      FL F:/ENEL462-Rasterizer/ence462_rasterizer/rasterizer.vhd \
      EN work/rasterizer 1413289592 CP raster_iterator
FL F:/ENEL462-Rasterizer/ence462_rasterizer/raster_hit_tester.vhd 2014/10/15.01:12:04 P.20131013
EN work/line_sign_checker 1413289586 \
      FL F:/ENEL462-Rasterizer/ence462_rasterizer/raster_hit_tester.vhd \
      PB ieee/std_logic_1164 1381692176 PB ieee/NUMERIC_STD 1381692181
AR work/line_sign_checker/Behavioural 1413289587 \
      FL F:/ENEL462-Rasterizer/ence462_rasterizer/raster_hit_tester.vhd \
      EN work/line_sign_checker 1413289586
EN work/raster_hit_tester 1413289588 \
      FL F:/ENEL462-Rasterizer/ence462_rasterizer/raster_hit_tester.vhd \
      PB ieee/std_logic_1164 1381692176 PB ieee/NUMERIC_STD 1381692181 LB work
AR work/raster_hit_tester/Behavioral 1413289589 \
      FL F:/ENEL462-Rasterizer/ence462_rasterizer/raster_hit_tester.vhd \
      EN work/raster_hit_tester 1413289588 CP line_sign_checker
FL F:/ENEL462-Rasterizer/ence462_rasterizer/raster_iterator.vhd 2014/10/15.01:25:58 P.20131013
EN work/raster_iterator 1413289590 \
      FL F:/ENEL462-Rasterizer/ence462_rasterizer/raster_iterator.vhd \
      PB ieee/std_logic_1164 1381692176 PB ieee/NUMERIC_STD 1381692181
AR work/raster_iterator/Behavioral 1413289591 \
      FL F:/ENEL462-Rasterizer/ence462_rasterizer/raster_iterator.vhd \
      EN work/raster_iterator 1413289590 CP raster_hit_tester
